<html>
<body>
<pre>
<h1>礦ision Build Log</h1>
<h2>Project:</h2>
D:\1.Work\模块电路\飞控板\Forest V1飞控板（平衡小车主控板）附送资料\菜鸟手把手DIY平衡小车教程\菜鸟专用平衡小车源码 （大功率版）\USER\Minibalance.uvproj
Project File Date:  10/16/2015

<h2>Output:</h2>
Build target 'Target 1'
linking...
Program Size: Code=31026 RO-data=6398 RW-data=328 ZI-data=2840  
FromELF: creating hex file...
"..\OBJ\Minibalance.axf" - 0 Error(s), 0 Warning(s).
</pre>
</body>
</html>

compiling adc.c...
compiling timer.c...
compiling motor.c...
compiling encoder.c...
compiling IOI2C.c...
compiling 24l01.c...
compiling spi.c...
compiling usart2.c...
compiling control.c...
compiling DataScope_DP.C...
compiling inv_mpu.c...
compiling inv_mpu_dmp_motion_driver.c...
compiling filter.c...
compiling MPU6050.c...
compiling show.c...
linking...
Program Size: Code=31026 RO-data=6398 RW-data=328 ZI-data=2840  
FromELF: creating hex file...
"..\OBJ\Minibalance.axf" - 0 Error(s), 0 Warning(s).
