<html>
<body>
<pre>
<h1>礦ision Build Log</h1>
<h2>Project:</h2>
E:\模块电路\飞控板\无线模块测试代码研发\Forest V1飞控板（平衡小车主控板） 包括测试NRF24L01 接收\USER\Minibalance.uvproj
Project File Date:  10/16/2015

<h2>Output:</h2>
Build target 'Target 1'
linking...
Program Size: Code=13358 RO-data=3098 RW-data=156 ZI-data=2676  
FromELF: creating hex file...
"..\OBJ\Minibalance.axf" - 0 Error(s), 0 Warning(s).
</pre>
</body>
</html>
c: 1 warning, 0 errors
linking...
Program Size: Code=13358 RO-data=3098 RW-data=156 ZI-data=2676  
FromELF: creating hex file...
"..\OBJ\Minibalance.axf" - 0 Error(s), 1 Warning(s).
