<html>
<body>
<pre>
<h1>礦ision Build Log</h1>
<h2>Project:</h2>
D:\1.Work\模块电路\飞控板\Forest V1飞控板（平衡小车主控板）附送资料\Forest V1飞控板（平衡小车主控板） 测试代码（出厂默认代码）\USER\Minibalance.uvproj
Project File Date:  02/23/2017

<h2>Output:</h2>
Build target 'Target 1'
compiling Minibalance.c...
linking...
Program Size: Code=34790 RO-data=6530 RW-data=308 ZI-data=3996  
FromELF: creating hex file...
"..\OBJ\Minibalance.axf" - 0 Error(s), 0 Warning(s).
</pre>
</body>
</html>
.\BALANCE\show\show.c: 0 warnings, 1 error
"..\OBJ\Minibalance.axf" - 1 Error(s), 0 Warning(s).
Target not created
s
compiling show.c...
"..\OBJ\Minibalance.axf" - 2 Error(s), 0 Warning(s).
Target not created
